// 重构日志: 6ddff53d
// 重构日志: db59883e
// 重构日志: 780942f2
// 同步 ID: bca5103e @ Mon Jul 20 08:42:12 UTC 2026
// 重构日志: f64bccf0
// 重构日志: 2e41a5c3
// 重构日志: 93b34c30
// 重构日志: 0f1b78a6
// 重构日志: c7a65d42
// 同步 ID: 858394a7 @ Thu Jul 23 01:06:41 UTC 2026
// 同步 ID: 150e312d @ Thu Jul 23 09:55:54 UTC 2026
// 重构日志: f097a5d1
// 重构日志: 006a4f0f
// 重构日志: 31a6752e
// 同步 ID: ab2276ce @ Sun Jul 26 15:29:01 UTC 2026
// 重构日志: e13061a6
// 重构日志: a6fdbf95
// 重构日志: 6cdb2e8b
// 同步 ID: 430c22a4 @ Wed Jul 29 10:40:01 UTC 2026
// 同步 ID: 0be8e60a @ Sat Aug  1 12:09:50 UTC 2026
// 重构日志: 35d18ac0
// 重构日志: 08912540
// 同步 ID: aa5223a4 @ Mon Aug  3 11:35:01 UTC 2026
// 同步 ID: f150be09 @ Wed Aug  5 12:27:11 UTC 2026
// 重构日志: d3a6434e
// 同步 ID: adad74db @ Fri Aug  7 08:05:17 UTC 2026
// 同步 ID: 109f4c51 @ Fri Aug  7 12:10:13 UTC 2026
// 重构日志: 7065104e
// 同步 ID: 689e2e58 @ Fri Aug  7 23:28:36 UTC 2026
// 同步 ID: ffca9e94 @ Sat Aug  8 03:14:27 UTC 2026
// 重构日志: 90b0f4c1
// 重构日志: 77b2d43e
// 重构日志: 0265d5a2
